https://emojipedia.org/smiling-face-with-open-hands/
https://emojipedia.org/face-with-crossed-out-eyes/
https://emojipedia.org/enraged-face/
https://emojipedia.org/ZZZ/
https://emojipedia.org/OK-hand/
https://emojipedia.org/person-gesturing-NO/
https://emojipedia.org/man-gesturing-NO/
https://emojipedia.org/woman-gesturing-NO/
https://emojipedia.org/person-gesturing-OK/
https://emojipedia.org/man-gesturing-OK/
https://emojipedia.org/woman-gesturing-OK/
https://emojipedia.org/Santa-Claus/
https://emojipedia.org/Mrs-Claus/
https://emojipedia.org/T-Rex/
https://emojipedia.org/ginger-root/
https://emojipedia.org/globe-showing-Europe-Africa/
https://emojipedia.org/globe-showing-Americas/
https://emojipedia.org/globe-showing-Asia-Australia/
https://emojipedia.org/map-of-Japan/
https://emojipedia.org/Japanese-post-office/
https://emojipedia.org/Japanese-castle/
https://emojipedia.org/Tokyo-tower/
https://emojipedia.org/Statue-of-Liberty/
https://emojipedia.org/two-oclock/
https://emojipedia.org/Christmas-tree/
https://emojipedia.org/Japanese-dolls/
https://emojipedia.org/bullseye/
https://emojipedia.org/water-pistol/
https://emojipedia.org/piñata/
https://emojipedia.org/ATM-sign/
https://emojipedia.org/BACK-arrow/
https://emojipedia.org/END-arrow/
https://emojipedia.org/ON-arrow/
https://emojipedia.org/SOON-arrow/
https://emojipedia.org/TOP-arrow/
https://emojipedia.org/star-of-David/
https://emojipedia.org/Aries/
https://emojipedia.org/Taurus/
https://emojipedia.org/Gemini/
https://emojipedia.org/Cancer/
https://emojipedia.org/Leo/
https://emojipedia.org/Virgo/
https://emojipedia.org/Libra/
https://emojipedia.org/Scorpio/
https://emojipedia.org/Sagittarius/
https://emojipedia.org/Capricorn/
https://emojipedia.org/Aquarius/
https://emojipedia.org/Pisces/
https://emojipedia.org/Ophiuchus/
https://emojipedia.org/red-question-mark/
https://emojipedia.org/red-exclamation-mark/
https://emojipedia.org/Japanese-symbol-for-beginner/
https://emojipedia.org/keycap-/
https://emojipedia.org/keycap-/
https://emojipedia.org/A-button-blood-type/
https://emojipedia.org/AB-button-blood-type/
https://emojipedia.org/B-button-blood-type/
https://emojipedia.org/CL-button/
https://emojipedia.org/COOL-button/
https://emojipedia.org/FREE-button/
https://emojipedia.org/ID-button/
https://emojipedia.org/circled-M/
https://emojipedia.org/NEW-button/
https://emojipedia.org/NG-button/
https://emojipedia.org/O-button-blood-type/
https://emojipedia.org/OK-button/
https://emojipedia.org/P-button/
https://emojipedia.org/SOS-button/
https://emojipedia.org/UP-button/
https://emojipedia.org/VS-button/
https://emojipedia.org/Japanese-here-button/
https://emojipedia.org/Japanese-service-charge-button/
https://emojipedia.org/Japanese-monthly-amount-button/
https://emojipedia.org/Japanese-not-free-of-charge-button/
https://emojipedia.org/Japanese-reserved-button/
https://emojipedia.org/Japanese-bargain-button/
https://emojipedia.org/Japanese-discount-button/
https://emojipedia.org/Japanese-free-of-charge-button/
https://emojipedia.org/Japanese-prohibited-button/
https://emojipedia.org/Japanese-acceptable-button/
https://emojipedia.org/Japanese-application-button/
https://emojipedia.org/Japanese-passing-grade-button/
https://emojipedia.org/Japanese-vacancy-button/
https://emojipedia.org/Japanese-congratulations-button/
https://emojipedia.org/Japanese-secret-button/
https://emojipedia.org/Japanese-open-for-business-button/
https://emojipedia.org/Japanese-no-vacancy-button/
https://emojipedia.org/red-circle/
https://emojipedia.org/orange-circle/
https://emojipedia.org/blue-circle/
https://emojipedia.org/flag-Ascension-Island/
https://emojipedia.org/flag-Andorra/
https://emojipedia.org/flag-United-Arab-Emirates/
https://emojipedia.org/flag-Afghanistan/
https://emojipedia.org/flag-Antigua--Barbuda/
https://emojipedia.org/flag-Anguilla/
https://emojipedia.org/flag-Albania/
https://emojipedia.org/flag-Armenia/
https://emojipedia.org/flag-Angola/
https://emojipedia.org/flag-Antarctica/
https://emojipedia.org/flag-Argentina/
https://emojipedia.org/flag-American-Samoa/
https://emojipedia.org/flag-Austria/
https://emojipedia.org/flag-Australia/
https://emojipedia.org/flag-Aruba/
https://emojipedia.org/flag-Åland-Islands/
https://emojipedia.org/flag-Azerbaijan/
https://emojipedia.org/flag-Bosnia--Herzegovina/
https://emojipedia.org/flag-Barbados/
https://emojipedia.org/flag-Bangladesh/
https://emojipedia.org/flag-Belgium/
https://emojipedia.org/flag-Burkina-Faso/
https://emojipedia.org/flag-Bulgaria/
https://emojipedia.org/flag-Bahrain/
https://emojipedia.org/flag-Burundi/
https://emojipedia.org/flag-Benin/
https://emojipedia.org/flag-St-Barthélemy/
https://emojipedia.org/flag-Bermuda/
https://emojipedia.org/flag-Brunei/
https://emojipedia.org/flag-Bolivia/
https://emojipedia.org/flag-Caribbean-Netherlands/
https://emojipedia.org/flag-Brazil/
https://emojipedia.org/flag-Bahamas/
https://emojipedia.org/flag-Bhutan/
https://emojipedia.org/flag-Bouvet-Island/
https://emojipedia.org/flag-Botswana/
https://emojipedia.org/flag-Belarus/
https://emojipedia.org/flag-Belize/
https://emojipedia.org/flag-Canada/
https://emojipedia.org/flag-Cocos-Keeling-Islands/
https://emojipedia.org/flag-Congo---Kinshasa/
https://emojipedia.org/flag-Central-African-Republic/
https://emojipedia.org/flag-Congo---Brazzaville/
https://emojipedia.org/flag-Switzerland/
https://emojipedia.org/flag-Côte-dIvoire/
https://emojipedia.org/flag-Cook-Islands/
https://emojipedia.org/flag-Chile/
https://emojipedia.org/flag-Cameroon/
https://emojipedia.org/flag-China/
https://emojipedia.org/flag-Colombia/
https://emojipedia.org/flag-Clipperton-Island/
https://emojipedia.org/flag-Costa-Rica/
https://emojipedia.org/flag-Cuba/
https://emojipedia.org/flag-Cape-Verde/
https://emojipedia.org/flag-Curaçao/
https://emojipedia.org/flag-Christmas-Island/
https://emojipedia.org/flag-Cyprus/
https://emojipedia.org/flag-Czechia/
https://emojipedia.org/flag-Germany/
https://emojipedia.org/flag-Diego-Garcia/
https://emojipedia.org/flag-Djibouti/
https://emojipedia.org/flag-Denmark/
https://emojipedia.org/flag-Dominica/
https://emojipedia.org/flag-Dominican-Republic/
https://emojipedia.org/flag-Algeria/
https://emojipedia.org/flag-Ceuta--Melilla/
https://emojipedia.org/flag-Ecuador/
https://emojipedia.org/flag-Estonia/
https://emojipedia.org/flag-Egypt/
https://emojipedia.org/flag-Western-Sahara/
https://emojipedia.org/flag-Eritrea/
https://emojipedia.org/flag-Spain/
https://emojipedia.org/flag-Ethiopia/
https://emojipedia.org/flag-European-Union/
https://emojipedia.org/flag-Finland/
https://emojipedia.org/flag-Fiji/
https://emojipedia.org/flag-Falkland-Islands/
https://emojipedia.org/flag-Micronesia/
https://emojipedia.org/flag-Faroe-Islands/
https://emojipedia.org/flag-France/
https://emojipedia.org/flag-Gabon/
https://emojipedia.org/flag-United-Kingdom/
https://emojipedia.org/flag-Grenada/
https://emojipedia.org/flag-Georgia/
https://emojipedia.org/flag-French-Guiana/
https://emojipedia.org/flag-Guernsey/
https://emojipedia.org/flag-Ghana/
https://emojipedia.org/flag-Gibraltar/
https://emojipedia.org/flag-Greenland/
https://emojipedia.org/flag-Gambia/
https://emojipedia.org/flag-Guinea/
https://emojipedia.org/flag-Guadeloupe/
https://emojipedia.org/flag-Equatorial-Guinea/
https://emojipedia.org/flag-Greece/
https://emojipedia.org/flag-South-Georgia--South-Sandwich-Islands/
https://emojipedia.org/flag-Guatemala/
https://emojipedia.org/flag-Guam/
https://emojipedia.org/flag-Guinea-Bissau/
https://emojipedia.org/flag-Guyana/
https://emojipedia.org/flag-Hong-Kong-SAR-China/
https://emojipedia.org/flag-Heard--McDonald-Islands/
https://emojipedia.org/flag-Honduras/
https://emojipedia.org/flag-Croatia/
https://emojipedia.org/flag-Haiti/
https://emojipedia.org/flag-Hungary/
https://emojipedia.org/flag-Canary-Islands/
https://emojipedia.org/flag-Indonesia/
https://emojipedia.org/flag-Ireland/
https://emojipedia.org/flag-Israel/
https://emojipedia.org/flag-Isle-of-Man/
https://emojipedia.org/flag-India/
https://emojipedia.org/flag-British-Indian-Ocean-Territory/
https://emojipedia.org/flag-Iraq/
https://emojipedia.org/flag-Iran/
https://emojipedia.org/flag-Iceland/
https://emojipedia.org/flag-Italy/
https://emojipedia.org/flag-Jersey/
https://emojipedia.org/flag-Jamaica/
https://emojipedia.org/flag-Jordan/
https://emojipedia.org/flag-Japan/
https://emojipedia.org/flag-Kenya/
https://emojipedia.org/flag-Kyrgyzstan/
https://emojipedia.org/flag-Cambodia/
https://emojipedia.org/flag-Kiribati/
https://emojipedia.org/flag-Comoros/
https://emojipedia.org/flag-St-Kitts--Nevis/
https://emojipedia.org/flag-North-Korea/
https://emojipedia.org/flag-South-Korea/
https://emojipedia.org/flag-Kuwait/
https://emojipedia.org/flag-Cayman-Islands/
https://emojipedia.org/flag-Kazakhstan/
https://emojipedia.org/flag-Laos/
https://emojipedia.org/flag-Lebanon/
https://emojipedia.org/flag-St-Lucia/
https://emojipedia.org/flag-Liechtenstein/
https://emojipedia.org/flag-Sri-Lanka/
https://emojipedia.org/flag-Liberia/
https://emojipedia.org/flag-Lesotho/
https://emojipedia.org/flag-Lithuania/
https://emojipedia.org/flag-Luxembourg/
https://emojipedia.org/flag-Latvia/
https://emojipedia.org/flag-Libya/
https://emojipedia.org/flag-Morocco/
https://emojipedia.org/flag-Monaco/
https://emojipedia.org/flag-Moldova/
https://emojipedia.org/flag-Montenegro/
https://emojipedia.org/flag-St-Martin/
https://emojipedia.org/flag-Madagascar/
https://emojipedia.org/flag-Marshall-Islands/
https://emojipedia.org/flag-North-Macedonia/
https://emojipedia.org/flag-Mali/
https://emojipedia.org/flag-Myanmar-Burma/
https://emojipedia.org/flag-Mongolia/
https://emojipedia.org/flag-Macao-SAR-China/
https://emojipedia.org/flag-Northern-Mariana-Islands/
https://emojipedia.org/flag-Martinique/
https://emojipedia.org/flag-Mauritania/
https://emojipedia.org/flag-Montserrat/
https://emojipedia.org/flag-Malta/
https://emojipedia.org/flag-Mauritius/
https://emojipedia.org/flag-Maldives/
https://emojipedia.org/flag-Malawi/
https://emojipedia.org/flag-Mexico/
https://emojipedia.org/flag-Malaysia/
https://emojipedia.org/flag-Mozambique/
https://emojipedia.org/flag-Namibia/
https://emojipedia.org/flag-New-Caledonia/
https://emojipedia.org/flag-Niger/
https://emojipedia.org/flag-Norfolk-Island/
https://emojipedia.org/flag-Nigeria/
https://emojipedia.org/flag-Nicaragua/
https://emojipedia.org/flag-Netherlands/
https://emojipedia.org/flag-Norway/
https://emojipedia.org/flag-Nepal/
https://emojipedia.org/flag-Nauru/
https://emojipedia.org/flag-Niue/
https://emojipedia.org/flag-New-Zealand/
https://emojipedia.org/flag-Oman/
https://emojipedia.org/flag-Panama/
https://emojipedia.org/flag-Peru/
https://emojipedia.org/flag-French-Polynesia/
https://emojipedia.org/flag-Papua-New-Guinea/
https://emojipedia.org/flag-Philippines/
https://emojipedia.org/flag-Pakistan/
https://emojipedia.org/flag-Poland/
https://emojipedia.org/flag-St-Pierre--Miquelon/
https://emojipedia.org/flag-Pitcairn-Islands/
https://emojipedia.org/flag-Puerto-Rico/
https://emojipedia.org/flag-Palestinian-Territories/
https://emojipedia.org/flag-Portugal/
https://emojipedia.org/flag-Palau/
https://emojipedia.org/flag-Paraguay/
https://emojipedia.org/flag-Qatar/
https://emojipedia.org/flag-Réunion/
https://emojipedia.org/flag-Romania/
https://emojipedia.org/flag-Serbia/
https://emojipedia.org/flag-Russia/
https://emojipedia.org/flag-Rwanda/
https://emojipedia.org/flag-Saudi-Arabia/
https://emojipedia.org/flag-Solomon-Islands/
https://emojipedia.org/flag-Seychelles/
https://emojipedia.org/flag-Sudan/
https://emojipedia.org/flag-Sweden/
https://emojipedia.org/flag-Singapore/
https://emojipedia.org/flag-St-Helena/
https://emojipedia.org/flag-Slovenia/
https://emojipedia.org/flag-Svalbard--Jan-Mayen/
https://emojipedia.org/flag-Slovakia/
https://emojipedia.org/flag-Sierra-Leone/
https://emojipedia.org/flag-San-Marino/
https://emojipedia.org/flag-Senegal/
https://emojipedia.org/flag-Somalia/
https://emojipedia.org/flag-Suriname/
https://emojipedia.org/flag-South-Sudan/
https://emojipedia.org/flag-São-Tomé--Príncipe/
https://emojipedia.org/flag-El-Salvador/
https://emojipedia.org/flag-Sint-Maarten/
https://emojipedia.org/flag-Syria/
https://emojipedia.org/flag-Eswatini/
https://emojipedia.org/flag-Tristan-da-Cunha/
https://emojipedia.org/flag-Turks--Caicos-Islands/
https://emojipedia.org/flag-Chad/
https://emojipedia.org/flag-French-Southern-Territories/
https://emojipedia.org/flag-Togo/
https://emojipedia.org/flag-Thailand/
https://emojipedia.org/flag-Tajikistan/
https://emojipedia.org/flag-Tokelau/
https://emojipedia.org/flag-Timor-Leste/
https://emojipedia.org/flag-Turkmenistan/
https://emojipedia.org/flag-Tunisia/
https://emojipedia.org/flag-Tonga/
https://emojipedia.org/flag-Turkey/
https://emojipedia.org/flag-Trinidad--Tobago/
https://emojipedia.org/flag-Tuvalu/
https://emojipedia.org/flag-Taiwan/
https://emojipedia.org/flag-Tanzania/
https://emojipedia.org/flag-Ukraine/
https://emojipedia.org/flag-Uganda/
https://emojipedia.org/flag-US-Outlying-Islands/
https://emojipedia.org/flag-United-Nations/
https://emojipedia.org/flag-United-States/
https://emojipedia.org/flag-Uruguay/
https://emojipedia.org/flag-Uzbekistan/
https://emojipedia.org/flag-Vatican-City/
https://emojipedia.org/flag-St-Vincent--Grenadines/
https://emojipedia.org/flag-Venezuela/
https://emojipedia.org/flag-British-Virgin-Islands/
https://emojipedia.org/flag-US-Virgin-Islands/
https://emojipedia.org/flag-Vietnam/
https://emojipedia.org/flag-Vanuatu/
https://emojipedia.org/flag-Wallis--Futuna/
https://emojipedia.org/flag-Samoa/
https://emojipedia.org/flag-Kosovo/
https://emojipedia.org/flag-Yemen/
https://emojipedia.org/flag-Mayotte/
https://emojipedia.org/flag-South-Africa/
https://emojipedia.org/flag-Zambia/
https://emojipedia.org/flag-Zimbabwe/
https://emojipedia.org/flag-England/
https://emojipedia.org/flag-Scotland/
https://emojipedia.org/flag-Wales/
https://emojipedia.org/OK-hand-light-skin-tone/
https://emojipedia.org/OK-hand-medium-light-skin-tone/
https://emojipedia.org/OK-hand-medium-skin-tone/
https://emojipedia.org/OK-hand-medium-dark-skin-tone/
https://emojipedia.org/OK-hand-dark-skin-tone/
https://emojipedia.org/person-gesturing-NO-light-skin-tone/
https://emojipedia.org/person-gesturing-NO-medium-light-skin-tone/
https://emojipedia.org/person-gesturing-NO-medium-skin-tone/
https://emojipedia.org/person-gesturing-NO-medium-dark-skin-tone/
https://emojipedia.org/person-gesturing-NO-dark-skin-tone/
https://emojipedia.org/man-gesturing-NO-light-skin-tone/
https://emojipedia.org/man-gesturing-NO-medium-light-skin-tone/
https://emojipedia.org/man-gesturing-NO-medium-skin-tone/
https://emojipedia.org/man-gesturing-NO-medium-dark-skin-tone/
https://emojipedia.org/man-gesturing-NO-dark-skin-tone/
https://emojipedia.org/woman-gesturing-NO-light-skin-tone/
https://emojipedia.org/woman-gesturing-NO-medium-light-skin-tone/
https://emojipedia.org/woman-gesturing-NO-medium-skin-tone/
https://emojipedia.org/woman-gesturing-NO-medium-dark-skin-tone/
https://emojipedia.org/woman-gesturing-NO-dark-skin-tone/
https://emojipedia.org/person-gesturing-OK-light-skin-tone/
https://emojipedia.org/person-gesturing-OK-medium-light-skin-tone/
https://emojipedia.org/person-gesturing-OK-medium-skin-tone/
https://emojipedia.org/person-gesturing-OK-medium-dark-skin-tone/
https://emojipedia.org/person-gesturing-OK-dark-skin-tone/
https://emojipedia.org/man-gesturing-OK-light-skin-tone/
https://emojipedia.org/man-gesturing-OK-medium-light-skin-tone/
https://emojipedia.org/man-gesturing-OK-medium-skin-tone/
https://emojipedia.org/man-gesturing-OK-medium-dark-skin-tone/
https://emojipedia.org/man-gesturing-OK-dark-skin-tone/
https://emojipedia.org/woman-gesturing-OK-light-skin-tone/
https://emojipedia.org/woman-gesturing-OK-medium-light-skin-tone/
https://emojipedia.org/woman-gesturing-OK-medium-skin-tone/
https://emojipedia.org/woman-gesturing-OK-medium-dark-skin-tone/
https://emojipedia.org/woman-gesturing-OK-dark-skin-tone/
https://emojipedia.org/Santa-Claus-light-skin-tone/
https://emojipedia.org/Santa-Claus-medium-light-skin-tone/
https://emojipedia.org/Santa-Claus-medium-skin-tone/
https://emojipedia.org/Santa-Claus-medium-dark-skin-tone/
https://emojipedia.org/Santa-Claus-dark-skin-tone/
https://emojipedia.org/Mrs-Claus-light-skin-tone/
https://emojipedia.org/Mrs-Claus-medium-light-skin-tone/
https://emojipedia.org/Mrs-Claus-medium-skin-tone/
https://emojipedia.org/Mrs-Claus-medium-dark-skin-tone/
https://emojipedia.org/Mrs-Claus-dark-skin-tone/
